// Jest Snapshot v1, https://goo.gl/fbAQLP

exports[`Badge is hidden 1`] = `null`;

exports[`Badge is visible 1`] = `
<div
  style={
    Object {
      "position": "absolute",
      "right": -10,
      "top": -13,
    }
  }
>
  <div
    className="dp-badge dp-badge--danger dp-bg--danger dp-circle-badge"
  >
    3
  </div>
</div>
`;
